// Jest Snapshot v1, https://goo.gl/fbAQLP

exports[`snapshot test Y axis Label of Chart 1`] = `
<div>
  <h5
    aria-haspopup="true"
    className="MuiTypography-root MuiTypography-h5 MuiTypography-colorPrimary"
    onMouseEnter={[Function]}
    onMouseLeave={[Function]}
  >
    title
  </h5>
</div>
`;
